   Compiling theywork-control v0.1.0 (C:\a\they-work\they-work\crates\theywork-control)
    Finished `test` profile [unoptimized + debuginfo] target(s) in 4.92s
     Running tests\storage_process.rs (target\aarch64-pc-windows-msvc\debug\deps\storage_process-fce68f0174ea702c.exe)
{
  "architecture": "aarch64",
  "cases": [
    {
      "name": "durable_receipt_and_fingerprint",
      "status": "pass"
    },
    {
      "name": "interrupted_send_never_replays",
      "status": "pass"
    },
    {
      "name": "missing_established_state_blocks_startup",
      "status": "pass"
    },
    {
      "name": "sharing_violation_preserves_state_and_rejects_unsent",
      "status": "pass"
    }
  ],
  "fixture_provider": "native Rust test executable; no account or model",
  "platform": "windows"
}
