$ /usr/local/bin/docker buildx build --load --platform linux/amd64 --progress plain --label org.opencontainers.image.revision=17ae09f85982b2e29c701fe47b7ce03fa34c488e -t they-work-preview:iteration11-17ae09f85982-amd64 /Users/gc/Documents/Programming/they-work/target/audit/iteration-11/preview-build-static/source
#0 building with "desktop-linux" instance using docker driver

#1 [internal] load build definition from Dockerfile
#1 transferring dockerfile: 2.49kB done
#1 DONE 0.0s

#2 [internal] load metadata for docker.io/library/rust:1.90.0-slim-bookworm
#2 ...

#3 [internal] load metadata for docker.io/library/debian:bookworm-slim
#3 DONE 1.1s

#2 [internal] load metadata for docker.io/library/rust:1.90.0-slim-bookworm
#2 DONE 1.1s

#4 [internal] load .dockerignore
#4 transferring context: 2B done
#4 DONE 0.0s

#5 [runtime 1/3] FROM docker.io/library/debian:bookworm-slim@sha256:88200866dfff7ea7f5cbcb6ec7c8a701889efe6fe859fe64d6990e4b07ea4171
#5 resolve docker.io/library/debian:bookworm-slim@sha256:88200866dfff7ea7f5cbcb6ec7c8a701889efe6fe859fe64d6990e4b07ea4171 done
#5 DONE 0.0s

#6 [build  1/14] FROM docker.io/library/rust:1.90.0-slim-bookworm@sha256:64232e656c058f4468e8d024e990acff04f0fd5a5c0a88a574dc37773d7325c9
#6 resolve docker.io/library/rust:1.90.0-slim-bookworm@sha256:64232e656c058f4468e8d024e990acff04f0fd5a5c0a88a574dc37773d7325c9 done
#6 DONE 0.0s

#7 [internal] load build context
#7 transferring context: 18.27kB done
#7 DONE 0.0s

#8 [build  2/14] RUN apt-get update  && apt-get install -y --no-install-recommends musl-tools  && rm -rf /var/lib/apt/lists/*
#8 CACHED

#9 [build 10/14] COPY crates/theywork-render/Cargo.toml crates/theywork-render/
#9 CACHED

#10 [build  9/14] COPY crates/theywork-terminal-image/Cargo.toml crates/theywork-terminal-image/
#10 CACHED

#11 [build  6/14] COPY crates/theywork-core/Cargo.toml crates/theywork-core/
#11 CACHED

#12 [build  4/14] WORKDIR /src
#12 CACHED

#13 [build  3/14] RUN case "amd64" in       amd64) target=x86_64-unknown-linux-musl ;;       arm64) target=aarch64-unknown-linux-musl ;;       *) exit 1 ;;     esac  && rustup target add "$target"  && printf '%s' "$target" > /rust-target
#13 CACHED

#14 [build  5/14] COPY Cargo.toml Cargo.lock rust-toolchain.toml ./
#14 CACHED

#15 [build  7/14] COPY crates/theywork-collect/Cargo.toml crates/theywork-collect/
#15 CACHED

#16 [build  8/14] COPY crates/theywork-control/Cargo.toml crates/theywork-control/
#16 CACHED

#17 [build 11/14] COPY crates/theywork-tui/Cargo.toml crates/theywork-tui/
#17 CACHED

#18 [build 12/14] RUN for c in core collect control terminal-image render tui; do       mkdir -p "crates/theywork-$c/src"       && printf '' > "crates/theywork-$c/src/lib.rs";     done  && printf 'fn main() {}' > crates/theywork-tui/src/main.rs  && mkdir -p crates/theywork-control/tests  && printf 'fn main() {}' > crates/theywork-control/tests/storage_process.rs  && cargo build --release --locked --target "$(cat /rust-target)" --bin they-work
#18 0.441 info: syncing channel updates for '1.90.0-x86_64-unknown-linux-gnu'
#18 1.015 info: latest update on 2025-09-18, rust version 1.90.0 (1159e78c4 2025-09-14)
#18 1.044 info: downloading component 'clippy'
#18 1.569 info: downloading component 'rustfmt'
#18 1.813 info: installing component 'clippy'
#18 2.190 info: installing component 'rustfmt'
#18 2.864     Updating crates.io index
#18 3.960  Downloading crates ...
#18 4.073   Downloaded adler2 v2.0.1
#18 4.099   Downloaded ahash v0.8.12
#18 4.116   Downloaded castaway v0.2.4
#18 4.123   Downloaded heck v0.5.0
#18 4.125   Downloaded errno v0.3.14
#18 4.129   Downloaded equivalent v1.0.2
#18 4.131   Downloaded darling_macro v0.24.1
#18 4.132   Downloaded cfg-if v1.0.4
#18 4.139   Downloaded signal-hook-mio v0.2.5
#18 4.141   Downloaded scopeguard v1.2.0
#18 4.143   Downloaded fallible-streaming-iterator v0.1.9
#18 4.152   Downloaded version_check v0.9.5
#18 4.154   Downloaded lru v0.12.5
#18 4.155   Downloaded ident_case v1.0.1
#18 4.174   Downloaded strum v0.26.3
#18 4.184   Downloaded unicode-truncate v1.1.0
#18 4.187   Downloaded strsim v0.11.1
#18 4.188   Downloaded itoa v1.0.18
#18 4.190   Downloaded pkg-config v0.3.34
#18 4.200   Downloaded lock_api v0.4.14
#18 4.201   Downloaded instability v0.3.13
#18 4.203   Downloaded indoc v2.0.7
#18 4.205   Downloaded foldhash v0.1.5
#18 4.206   Downloaded either v1.18.0
#18 4.208   Downloaded cassowary v0.3.0
#18 4.214   Downloaded paste v1.0.15
#18 4.217   Downloaded fdeflate v0.3.7
#18 4.222   Downloaded shlex v2.0.1
#18 4.229   Downloaded static_assertions v1.1.0
#18 4.230   Downloaded zmij v1.0.23
#18 4.232   Downloaded quote v1.0.47
#18 4.234   Downloaded signal-hook-registry v1.4.8
#18 4.236   Downloaded hashlink v0.9.1
#18 4.245   Downloaded strum_macros v0.26.4
#18 4.247   Downloaded bitflags v1.3.2
#18 4.251   Downloaded parking_lot_core v0.9.12
#18 4.253   Downloaded simd-adler32 v0.3.10
#18 4.256   Downloaded once_cell v1.21.4
#18 4.258   Downloaded fallible-iterator v0.3.0
#18 4.262   Downloaded smallvec v1.15.2
#18 4.263   Downloaded rustversion v1.0.23
#18 4.266   Downloaded bitflags v2.13.1
#18 4.270   Downloaded find-msvc-tools v0.1.11
#18 4.274   Downloaded signal-hook v0.3.18
#18 4.281   Downloaded parking_lot v0.12.5
#18 4.284   Downloaded unicode-ident v1.0.24
#18 4.288   Downloaded serde_derive v1.0.229
#18 4.292   Downloaded darling v0.24.1
#18 4.299   Downloaded miniz_oxide v0.8.9
#18 4.302   Downloaded flate2 v1.1.10
#18 4.306   Downloaded crc32fast v1.5.1
#18 4.309   Downloaded allocator-api2 v0.2.21
#18 4.312   Downloaded anyhow v1.0.104
#18 4.316   Downloaded serde v1.0.229
#18 4.319   Downloaded darling_core v0.24.1
#18 4.324   Downloaded miniz_oxide v0.9.1
#18 4.327   Downloaded compact_str v0.8.2
#18 4.330   Downloaded png v0.17.16
#18 4.334   Downloaded unicode-segmentation v1.13.3
#18 4.337   Downloaded cc v1.4.4
#18 4.340   Downloaded mio v1.2.2
#18 4.346   Downloaded memchr v2.8.3
#18 4.351   Downloaded itertools v0.13.0
#18 4.357   Downloaded serde_json v1.0.151
#18 4.363   Downloaded rusqlite v0.32.1
#18 4.369   Downloaded hashbrown v0.15.5
#18 4.373   Downloaded hashbrown v0.14.5
#18 4.378   Downloaded crossterm v0.28.1
#18 4.383   Downloaded ryu v1.0.23
#18 4.386   Downloaded serde_core v1.0.229
#18 4.389   Downloaded proc-macro2 v1.0.107
#18 4.391   Downloaded log v0.4.34
#18 4.395   Downloaded zlib-rs v0.6.7
#18 4.409   Downloaded vcpkg v0.2.15
#18 4.464   Downloaded zerocopy v0.8.56
#18 4.485   Downloaded syn v3.0.4
#18 4.497   Downloaded syn v2.0.119
#18 4.507   Downloaded unicode-width v0.2.0
#18 4.512   Downloaded unicode-width v0.1.14
#18 4.517   Downloaded rustix v0.38.44
#18 4.545   Downloaded ratatui v0.29.0
#18 4.574   Downloaded libc v0.2.189
#18 4.625   Downloaded linux-raw-sys v0.4.15
#18 4.704   Downloaded libsqlite3-sys v0.30.1
#18 4.951    Compiling proc-macro2 v1.0.107
#18 4.952    Compiling unicode-ident v1.0.24
#18 4.952    Compiling quote v1.0.47
#18 4.953    Compiling cfg-if v1.0.4
#18 4.953    Compiling libc v0.2.189
#18 4.953    Compiling rustversion v1.0.23
#18 4.954    Compiling serde_core v1.0.229
#18 4.954    Compiling smallvec v1.15.2
#18 4.954    Compiling parking_lot_core v0.9.12
#18 4.954    Compiling version_check v0.9.5
#18 5.502    Compiling bitflags v2.13.1
#18 6.504    Compiling signal-hook v0.3.18
#18 7.169    Compiling zerocopy v0.8.56
#18 7.496    Compiling zmij v1.0.23
#18 7.505    Compiling ahash v0.8.12
#18 7.801    Compiling scopeguard v1.2.0
#18 8.100    Compiling rustix v0.38.44
#18 8.677    Compiling find-msvc-tools v0.1.11
#18 8.714    Compiling shlex v2.0.1
#18 8.878    Compiling simd-adler32 v0.3.10
#18 8.983    Compiling strsim v0.11.1
#18 9.212    Compiling log v0.4.34
#18 10.30    Compiling errno v0.3.14
#18 10.32    Compiling ident_case v1.0.1
#18 10.45    Compiling serde v1.0.229
#18 10.46    Compiling itoa v1.0.18
#18 11.11    Compiling cc v1.4.4
#18 11.36    Compiling mio v1.2.2
#18 11.93    Compiling signal-hook-registry v1.4.8
#18 12.72    Compiling lock_api v0.4.14
#18 12.78    Compiling vcpkg v0.2.15
#18 12.79    Compiling serde_json v1.0.151
#18 14.09    Compiling syn v3.0.4
#18 14.40    Compiling crc32fast v1.5.1
#18 14.60    Compiling once_cell v1.21.4
#18 15.16    Compiling pkg-config v0.3.34
#18 15.25    Compiling linux-raw-sys v0.4.15
#18 15.82    Compiling adler2 v2.0.1
#18 16.13    Compiling parking_lot v0.12.5
#18 16.54    Compiling signal-hook-mio v0.2.5
#18 16.90    Compiling syn v2.0.119
#18 17.81    Compiling heck v0.5.0
#18 17.81    Compiling foldhash v0.1.5
#18 18.03    Compiling allocator-api2 v0.2.21
#18 18.09    Compiling libsqlite3-sys v0.30.1
#18 20.01    Compiling instability v0.3.13
#18 20.11    Compiling equivalent v1.0.2
#18 20.13    Compiling paste v1.0.15
#18 20.18    Compiling memchr v2.8.3
#18 20.21    Compiling either v1.18.0
#18 21.07    Compiling hashbrown v0.15.5
#18 21.25    Compiling crossterm v0.28.1
#18 21.59    Compiling darling_core v0.24.1
#18 21.91    Compiling itertools v0.13.0
#18 23.82    Compiling hashbrown v0.14.5
#18 24.50    Compiling strum_macros v0.26.4
#18 25.10    Compiling miniz_oxide v0.9.1
#18 25.37    Compiling castaway v0.2.4
#18 25.57    Compiling serde_derive v1.0.229
#18 26.49    Compiling static_assertions v1.1.0
#18 26.90    Compiling unicode-width v0.1.14
#18 27.53    Compiling indoc v2.0.7
#18 28.79    Compiling anyhow v1.0.104
#18 29.17    Compiling ryu v1.0.23
#18 29.39    Compiling unicode-segmentation v1.13.3
#18 30.06    Compiling flate2 v1.1.10
#18 30.15    Compiling hashlink v0.9.1
#18 30.62    Compiling strum v0.26.3
#18 30.65    Compiling darling_macro v0.24.1
#18 31.23    Compiling compact_str v0.8.2
#18 31.97    Compiling lru v0.12.5
#18 32.33    Compiling unicode-truncate v1.1.0
#18 32.47    Compiling miniz_oxide v0.8.9
#18 33.15    Compiling darling v0.24.1
#18 33.25    Compiling fdeflate v0.3.7
#18 33.50    Compiling cassowary v0.3.0
#18 33.87    Compiling fallible-streaming-iterator v0.1.9
#18 33.92    Compiling bitflags v1.3.2
#18 34.47    Compiling unicode-width v0.2.0
#18 34.61    Compiling fallible-iterator v0.3.0
#18 36.09    Compiling theywork-core v0.1.0 (/src/crates/theywork-core)
#18 36.52    Compiling png v0.17.16
#18 36.61    Compiling ratatui v0.29.0
#18 37.01    Compiling theywork-control v0.1.0 (/src/crates/theywork-control)
#18 39.15    Compiling theywork-terminal-image v0.1.0 (/src/crates/theywork-terminal-image)
#18 40.82    Compiling theywork-render v0.1.0 (/src/crates/theywork-render)
#18 68.21    Compiling rusqlite v0.32.1
#18 69.72    Compiling theywork-collect v0.1.0 (/src/crates/theywork-collect)
#18 69.88    Compiling theywork-tui v0.1.0 (/src/crates/theywork-tui)
#18 75.09     Finished `release` profile [optimized] target(s) in 1m 12s
#18 DONE 75.3s

#19 [build 13/14] COPY crates crates
#19 DONE 0.2s

#20 [build 14/14] RUN find crates -name '*.rs' -exec touch {} +  && cargo build --release --locked --target "$(cat /rust-target)" --bin they-work  && cp "target/$(cat /rust-target)/release/they-work" /they-work  && rustc -Vv > /toolchain.txt  && musl-gcc -v >> /toolchain.txt 2>&1  && dpkg-query -W musl musl-dev musl-tools >> /toolchain.txt
#20 0.677    Compiling theywork-core v0.1.0 (/src/crates/theywork-core)
#20 0.678    Compiling theywork-terminal-image v0.1.0 (/src/crates/theywork-terminal-image)
#20 3.991    Compiling theywork-render v0.1.0 (/src/crates/theywork-render)
#20 3.991    Compiling theywork-collect v0.1.0 (/src/crates/theywork-collect)
#20 3.991    Compiling theywork-control v0.1.0 (/src/crates/theywork-control)
#20 9.297    Compiling theywork-tui v0.1.0 (/src/crates/theywork-tui)
#20 55.86     Finished `release` profile [optimized] target(s) in 55.48s
#20 DONE 56.6s

#5 [runtime 1/3] FROM docker.io/library/debian:bookworm-slim@sha256:88200866dfff7ea7f5cbcb6ec7c8a701889efe6fe859fe64d6990e4b07ea4171
#5 CACHED

#21 [runtime 2/3] COPY --from=build /they-work /usr/local/bin/they-work
#21 DONE 0.0s

#22 [runtime 3/3] COPY --from=build /toolchain.txt /toolchain.txt
#22 DONE 0.0s

#23 exporting to image
#23 exporting layers
#23 exporting layers 0.3s done
#23 exporting manifest sha256:b5ca051be205dcbd333efde09451c1acba9eafb8d56cdfc8c1a7f88b73efa4be
#23 exporting manifest sha256:b5ca051be205dcbd333efde09451c1acba9eafb8d56cdfc8c1a7f88b73efa4be done
#23 exporting config sha256:7be648921d40041c92ae75278ec1f6798983a161193a3bb12aeb93a89810a530 done
#23 exporting attestation manifest sha256:10c019080556bc96372c512fdc7a65659db0796604bc72430e03a0e70b509bf2 0.0s done
#23 exporting manifest list sha256:336a056ac7fc78a7f4ca4dc532f44d8a764dec702c6c4006fa623f900e517b8d done
#23 naming to docker.io/library/they-work-preview:iteration11-17ae09f85982-amd64 done
#23 DONE 0.4s
