   Compiling theywork-render v0.1.0 (/Users/gc/Documents/Programming/they-work/crates/theywork-render)
warning: method `half_space_height` is never used
   --> crates/theywork-render/src/canvas.rs:443:19
    |
334 | impl Canvas {
    | ----------- method in this implementation
...
443 |     pub(crate) fn half_space_height(&self, value: usize) -> usize {
    |                   ^^^^^^^^^^^^^^^^^
    |
    = note: `#[warn(dead_code)]` on by default

warning: method `worker_stroll_frame_fitting` is never used
   --> crates/theywork-render/src/sprite.rs:497:19
    |
356 | impl SpriteSet {
    | -------------- method in this implementation
...
497 |     pub(crate) fn worker_stroll_frame_fitting(
    |                   ^^^^^^^^^^^^^^^^^^^^^^^^^^^

warning: `theywork-render` (lib) generated 2 warnings
   Compiling theywork-tui v0.1.0 (/Users/gc/Documents/Programming/they-work/crates/theywork-tui)
    Finished `release` profile [optimized] target(s) in 14.20s
