   Compiling theywork-render v0.1.0 (/Users/gc/Documents/Programming/they-work/crates/theywork-render)
warning: methods `scale_width`, `scale_half_height`, `scale_image_sprite_width`, and `scale_image_sprite_height` are never used
   --> crates/theywork-render/src/canvas.rs:497:19
    |
368 | impl Canvas {
    | ----------- methods in this implementation
...
497 |     pub(crate) fn scale_width(&self, value: usize) -> usize {
    |                   ^^^^^^^^^^^
...
501 |     pub(crate) fn scale_half_height(&self, value: usize) -> usize {
    |                   ^^^^^^^^^^^^^^^^^
...
513 |     pub(crate) fn scale_image_sprite_width(&self, value: usize) -> usize {
    |                   ^^^^^^^^^^^^^^^^^^^^^^^^
...
518 |     pub(crate) fn scale_image_sprite_height(&self, value: usize) -> usize {
    |                   ^^^^^^^^^^^^^^^^^^^^^^^^^
    |
    = note: `#[warn(dead_code)]` on by default

warning: fields `floor_tile` and `wall_tile` are never read
   --> crates/theywork-render/src/sprite.rs:367:16
    |
358 | pub(crate) struct SpriteSet {
    |                   --------- fields in this struct
...
367 |     pub(crate) floor_tile: Sprite,
    |                ^^^^^^^^^^
368 |     pub(crate) wall_tile: Sprite,
    |                ^^^^^^^^^
    |
    = note: `SpriteSet` has a derived impl for the trait `Clone`, but this is intentionally ignored during dead code analysis

warning: methods `office_palette_label` and `worker_frame` are never used
   --> crates/theywork-render/src/sprite.rs:437:19
    |
371 | impl SpriteSet {
    | -------------- methods in this implementation
...
437 |     pub(crate) fn office_palette_label(&self, office: &Office) -> &'static str {
    |                   ^^^^^^^^^^^^^^^^^^^^
...
492 |     pub(crate) fn worker_frame(&self, worker: &Worker, look: WorkerLook, now: Millis) -> Sprite {
    |                   ^^^^^^^^^^^^

warning: function `office_dot_color` is never used
   --> crates/theywork-render/src/views/mod.rs:155:15
    |
155 | pub(crate) fn office_dot_color(office: &Office, now: Millis) -> Color {
    |               ^^^^^^^^^^^^^^^^

warning: function `draw_tab_bar` is never used
   --> crates/theywork-render/src/views/mod.rs:181:15
    |
181 | pub(crate) fn draw_tab_bar(
    |               ^^^^^^^^^^^^

warning: function `fill_office_background` is never used
   --> crates/theywork-render/src/views/mod.rs:375:15
    |
375 | pub(crate) fn fill_office_background(canvas: &mut Canvas, sprites: &SpriteSet) -> usize {
    |               ^^^^^^^^^^^^^^^^^^^^^^

warning: function `render_worker_with_look` is never used
   --> crates/theywork-render/src/views/mod.rs:410:15
    |
410 | pub(crate) fn render_worker_with_look(
    |               ^^^^^^^^^^^^^^^^^^^^^^^

warning: `theywork-render` (lib) generated 7 warnings
    Finished `release` profile [optimized] target(s) in 12.67s
