#0 building with "desktop-linux" instance using docker driver

#1 [internal] load build definition from Dockerfile
#1 transferring dockerfile: 1.72kB done
#1 DONE 0.0s

#2 [internal] load metadata for docker.io/library/rust:1.90.0-slim-bookworm
#2 DONE 0.2s

#3 [internal] load metadata for docker.io/library/debian:bookworm-slim
#3 DONE 0.6s

#4 [internal] load .dockerignore
#4 transferring context: 173B done
#4 DONE 0.0s

#5 [runtime 1/3] FROM docker.io/library/debian:bookworm-slim@sha256:88200866dfff7ea7f5cbcb6ec7c8a701889efe6fe859fe64d6990e4b07ea4171
#5 resolve docker.io/library/debian:bookworm-slim@sha256:88200866dfff7ea7f5cbcb6ec7c8a701889efe6fe859fe64d6990e4b07ea4171 done
#5 DONE 0.0s

#6 [build  1/12] FROM docker.io/library/rust:1.90.0-slim-bookworm@sha256:64232e656c058f4468e8d024e990acff04f0fd5a5c0a88a574dc37773d7325c9
#6 resolve docker.io/library/rust:1.90.0-slim-bookworm@sha256:64232e656c058f4468e8d024e990acff04f0fd5a5c0a88a574dc37773d7325c9 done
#6 DONE 0.0s

#7 [internal] load build context
#7 transferring context: 123.20MB 0.8s done
#7 DONE 0.8s

#8 [build  2/12] RUN apt-get update  && apt-get install -y --no-install-recommends gcc libc6-dev  && rm -rf /var/lib/apt/lists/*
#8 CACHED

#9 [build  3/12] WORKDIR /src
#9 CACHED

#10 [build  4/12] COPY Cargo.toml Cargo.lock* rust-toolchain.toml ./
#10 DONE 0.1s

#11 [build  5/12] COPY crates/theywork-core/Cargo.toml    crates/theywork-core/
#11 DONE 0.0s

#12 [build  6/12] COPY crates/theywork-collect/Cargo.toml crates/theywork-collect/
#12 DONE 0.0s

#13 [build  7/12] COPY crates/theywork-terminal-image/Cargo.toml crates/theywork-terminal-image/
#13 DONE 0.0s

#14 [build  8/12] COPY crates/theywork-render/Cargo.toml  crates/theywork-render/
#14 DONE 0.0s

#15 [build  9/12] COPY crates/theywork-tui/Cargo.toml     crates/theywork-tui/
#15 DONE 0.0s

#16 [build 10/12] RUN for c in core collect terminal-image render tui; do       mkdir -p "crates/theywork-$c/src" &&       echo "" > "crates/theywork-$c/src/lib.rs";     done  && mkdir -p crates/theywork-tui/src  && echo "fn main() {}" > crates/theywork-tui/src/main.rs  && cargo build --release --locked
#16 0.159 info: syncing channel updates for '1.90.0-aarch64-unknown-linux-gnu'
#16 1.479 info: latest update on 2025-09-18, rust version 1.90.0 (1159e78c4 2025-09-14)
#16 1.496 info: downloading component 'clippy'
#16 1.739 info: downloading component 'rustfmt'
#16 1.921 info: installing component 'clippy'
#16 2.167 info: installing component 'rustfmt'
#16 2.390 error: failed to load manifest for workspace member `/src/crates/theywork-control`
#16 2.390 referenced by workspace at `/src/Cargo.toml`
#16 2.390 
#16 2.390 Caused by:
#16 2.390   failed to read `/src/crates/theywork-control/Cargo.toml`
#16 2.390 
#16 2.390 Caused by:
#16 2.390   No such file or directory (os error 2)
#16 ERROR: process "/bin/sh -c for c in core collect terminal-image render tui; do       mkdir -p \"crates/theywork-$c/src\" &&       echo \"\" > \"crates/theywork-$c/src/lib.rs\";     done  && mkdir -p crates/theywork-tui/src  && echo \"fn main() {}\" > crates/theywork-tui/src/main.rs  && cargo build --release --locked" did not complete successfully: exit code: 101
------
 > [build 10/12] RUN for c in core collect terminal-image render tui; do       mkdir -p "crates/theywork-$c/src" &&       echo "" > "crates/theywork-$c/src/lib.rs";     done  && mkdir -p crates/theywork-tui/src  && echo "fn main() {}" > crates/theywork-tui/src/main.rs  && cargo build --release --locked:
1.921 info: installing component 'clippy'
2.167 info: installing component 'rustfmt'
2.390 error: failed to load manifest for workspace member `/src/crates/theywork-control`
2.390 referenced by workspace at `/src/Cargo.toml`
2.390 
2.390 Caused by:
2.390   failed to read `/src/crates/theywork-control/Cargo.toml`
2.390 
2.390 Caused by:
2.390   No such file or directory (os error 2)
------
Dockerfile:19
--------------------
  18 |     COPY crates/theywork-tui/Cargo.toml     crates/theywork-tui/
  19 | >>> RUN for c in core collect terminal-image render tui; do \
  20 | >>>       mkdir -p "crates/theywork-$c/src" && \
  21 | >>>       echo "" > "crates/theywork-$c/src/lib.rs"; \
  22 | >>>     done \
  23 | >>>  && mkdir -p crates/theywork-tui/src \
  24 | >>>  && echo "fn main() {}" > crates/theywork-tui/src/main.rs \
  25 | >>>  && cargo build --release --locked
  26 |     
--------------------
ERROR: failed to build: failed to solve: process "/bin/sh -c for c in core collect terminal-image render tui; do       mkdir -p \"crates/theywork-$c/src\" &&       echo \"\" > \"crates/theywork-$c/src/lib.rs\";     done  && mkdir -p crates/theywork-tui/src  && echo \"fn main() {}\" > crates/theywork-tui/src/main.rs  && cargo build --release --locked" did not complete successfully: exit code: 101
