    Checking theywork-render v0.1.0 (/Users/gc/Documents/Programming/they-work/crates/theywork-render)
error: this looks like you are trying to use `.. != ..`, but you really are doing `.. = (! ..)`
  --> crates/theywork-render/src/ui_interaction.rs:90:45
   |
90 |             Action::More => { self.more_open=!self.more_open; self.more_cursor=0; None },
   |                                             ^^
   |
   = note: to remove this lint, use either `!=` or `= !`
   = help: for further information visit https://rust-lang.github.io/rust-clippy/master/index.html#suspicious_assignment_formatting
   = note: `-D clippy::suspicious-assignment-formatting` implied by `-D warnings`
   = help: to override `-D warnings` add `#[allow(clippy::suspicious_assignment_formatting)]`

error: this looks like you are trying to use `.. != ..`, but you really are doing `.. = (! ..)`
  --> crates/theywork-render/src/ui_interaction.rs:96:60
   |
96 |             Action::WorkExpand => {self.work_panel.expanded=!self.work_panel.expanded;None},
   |                                                            ^^
   |
   = note: to remove this lint, use either `!=` or `= !`
   = help: for further information visit https://rust-lang.github.io/rust-clippy/master/index.html#suspicious_assignment_formatting

error: this looks like you are trying to use `.. != ..`, but you really are doing `.. = (! ..)`
   --> crates/theywork-render/src/lib.rs:504:41
    |
504 |                 self.work_panel.expanded=!self.work_panel.expanded; return None;
    |                                         ^^
    |
    = note: to remove this lint, use either `!=` or `= !`
    = help: for further information visit https://rust-lang.github.io/rust-clippy/master/index.html#suspicious_assignment_formatting

error: this looks like you are trying to use `.. != ..`, but you really are doing `.. = (! ..)`
   --> crates/theywork-render/src/lib.rs:632:81
    |
632 |                 KeyCode::Char('e') | KeyCode::F(7) => { self.work_panel.expanded=!self.work_panel.expanded; return None; },
    |                                                                                 ^^
    |
    = note: to remove this lint, use either `!=` or `= !`
    = help: for further information visit https://rust-lang.github.io/rust-clippy/master/index.html#suspicious_assignment_formatting

error[E0004]: non-exhaustive patterns: `interaction::Action::InspectRecord(_, _)` not covered
  --> crates/theywork-render/src/ui_interaction.rs:89:15
   |
89 |         match action {
   |               ^^^^^^ pattern `interaction::Action::InspectRecord(_, _)` not covered
   |
note: `interaction::Action` defined here
  --> crates/theywork-render/src/interaction.rs:8:10
   |
 8 | pub enum Action {
   |          ^^^^^^
...
29 |     InspectRecord(WorkerId, String),
   |     ------------- not covered
   = note: the matched value is of type `interaction::Action`
help: ensure that all possible cases are being handled by adding a match arm with a wildcard pattern or an explicit pattern as shown
   |
266~             },
267+             interaction::Action::InspectRecord(_, _) => todo!()
   |

For more information about this error, try `rustc --explain E0004`.
error: could not compile `theywork-render` (lib) due to 5 previous errors
warning: build failed, waiting for other jobs to finish...
error: could not compile `theywork-render` (lib test) due to 5 previous errors
