#0 building with "desktop-linux" instance using docker driver

#1 [internal] load build definition from Dockerfile
#1 transferring dockerfile: 1.79kB done
#1 DONE 0.0s

#2 [linux/arm64 internal] load metadata for docker.io/library/rust:1.90.0-slim-bookworm
#2 ...

#3 [linux/amd64 internal] load metadata for docker.io/library/debian:bookworm-slim
#3 DONE 0.8s

#4 [linux/arm64 internal] load metadata for docker.io/library/debian:bookworm-slim
#4 DONE 0.8s

#5 [linux/amd64 internal] load metadata for docker.io/library/rust:1.90.0-slim-bookworm
#5 DONE 0.8s

#6 [internal] load .dockerignore
#6 transferring context: 173B 0.0s done
#6 DONE 0.0s

#2 [linux/arm64 internal] load metadata for docker.io/library/rust:1.90.0-slim-bookworm
#2 DONE 0.8s

#7 [linux/arm64 runtime 1/3] FROM docker.io/library/debian:bookworm-slim@sha256:88200866dfff7ea7f5cbcb6ec7c8a701889efe6fe859fe64d6990e4b07ea4171
#7 resolve docker.io/library/debian:bookworm-slim@sha256:88200866dfff7ea7f5cbcb6ec7c8a701889efe6fe859fe64d6990e4b07ea4171
#7 ...

#8 [linux/arm64 build  1/13] FROM docker.io/library/rust:1.90.0-slim-bookworm@sha256:64232e656c058f4468e8d024e990acff04f0fd5a5c0a88a574dc37773d7325c9
#8 resolve docker.io/library/rust:1.90.0-slim-bookworm@sha256:64232e656c058f4468e8d024e990acff04f0fd5a5c0a88a574dc37773d7325c9
#8 ...

#9 [linux/amd64 build  1/13] FROM docker.io/library/rust:1.90.0-slim-bookworm@sha256:64232e656c058f4468e8d024e990acff04f0fd5a5c0a88a574dc37773d7325c9
#9 resolve docker.io/library/rust:1.90.0-slim-bookworm@sha256:64232e656c058f4468e8d024e990acff04f0fd5a5c0a88a574dc37773d7325c9 0.0s done
#9 DONE 0.0s

#10 [linux/amd64 runtime 1/3] FROM docker.io/library/debian:bookworm-slim@sha256:88200866dfff7ea7f5cbcb6ec7c8a701889efe6fe859fe64d6990e4b07ea4171
#10 resolve docker.io/library/debian:bookworm-slim@sha256:88200866dfff7ea7f5cbcb6ec7c8a701889efe6fe859fe64d6990e4b07ea4171 0.0s done
#10 DONE 0.0s

#11 [internal] load build context
#11 transferring context: 107.31MB 1.4s done
#11 DONE 1.4s

#12 [linux/amd64 build  2/13] RUN apt-get update  && apt-get install -y --no-install-recommends gcc libc6-dev  && rm -rf /var/lib/apt/lists/*
#12 CACHED

#13 [linux/amd64 build  3/13] WORKDIR /src
#13 CACHED

#14 [linux/arm64 build  2/13] RUN apt-get update  && apt-get install -y --no-install-recommends gcc libc6-dev  && rm -rf /var/lib/apt/lists/*
#14 CACHED

#15 [linux/arm64 build  3/13] WORKDIR /src
#15 CACHED

#16 [linux/arm64 build  4/13] COPY Cargo.toml Cargo.lock* rust-toolchain.toml ./
#16 ...

#17 [linux/amd64 build  4/13] COPY Cargo.toml Cargo.lock* rust-toolchain.toml ./
#17 DONE 0.2s

#16 [linux/arm64 build  4/13] COPY Cargo.toml Cargo.lock* rust-toolchain.toml ./
#16 DONE 0.2s

#18 [linux/amd64 build  5/13] COPY crates/theywork-core/Cargo.toml    crates/theywork-core/
#18 DONE 0.0s

#19 [linux/arm64 build  5/13] COPY crates/theywork-core/Cargo.toml    crates/theywork-core/
#19 DONE 0.0s

#20 [linux/amd64 build  6/13] COPY crates/theywork-collect/Cargo.toml crates/theywork-collect/
#20 DONE 0.0s

#21 [linux/arm64 build  6/13] COPY crates/theywork-collect/Cargo.toml crates/theywork-collect/
#21 DONE 0.0s

#22 [linux/amd64 build  7/13] COPY crates/theywork-control/Cargo.toml crates/theywork-control/
#22 DONE 0.0s

#23 [linux/arm64 build  7/13] COPY crates/theywork-control/Cargo.toml crates/theywork-control/
#23 DONE 0.0s

#24 [linux/amd64 build  8/13] COPY crates/theywork-terminal-image/Cargo.toml crates/theywork-terminal-image/
#24 DONE 0.0s

#25 [linux/arm64 build  8/13] COPY crates/theywork-terminal-image/Cargo.toml crates/theywork-terminal-image/
#25 DONE 0.0s

#26 [linux/amd64 build  9/13] COPY crates/theywork-render/Cargo.toml  crates/theywork-render/
#26 DONE 0.0s

#27 [linux/arm64 build  9/13] COPY crates/theywork-render/Cargo.toml  crates/theywork-render/
#27 DONE 0.0s

#28 [linux/amd64 build 10/13] COPY crates/theywork-tui/Cargo.toml     crates/theywork-tui/
#28 DONE 0.0s

#29 [linux/arm64 build 10/13] COPY crates/theywork-tui/Cargo.toml     crates/theywork-tui/
#29 DONE 0.0s

#30 [linux/arm64 build 11/13] RUN for c in core collect control terminal-image render tui; do       mkdir -p "crates/theywork-$c/src" &&       echo "" > "crates/theywork-$c/src/lib.rs";     done  && mkdir -p crates/theywork-tui/src  && echo "fn main() {}" > crates/theywork-tui/src/main.rs  && cargo build --release --locked
#30 0.580 info: syncing channel updates for '1.90.0-aarch64-unknown-linux-gnu'
#30 1.341 info: latest update on 2025-09-18, rust version 1.90.0 (1159e78c4 2025-09-14)
#30 1.371 info: downloading component 'clippy'
#30 1.875 info: downloading component 'rustfmt'
#30 2.607 info: installing component 'clippy'
#30 2.962 info: installing component 'rustfmt'
#30 3.456 error: failed to parse manifest at `/src/crates/theywork-control/Cargo.toml`
#30 3.456 
#30 3.456 Caused by:
#30 3.456   can't find `storage_process` test at `tests/storage_process.rs` or `tests/storage_process/main.rs`. Please specify test.path if you want to use a non-default path.
#30 ERROR: process "/bin/sh -c for c in core collect control terminal-image render tui; do       mkdir -p \"crates/theywork-$c/src\" &&       echo \"\" > \"crates/theywork-$c/src/lib.rs\";     done  && mkdir -p crates/theywork-tui/src  && echo \"fn main() {}\" > crates/theywork-tui/src/main.rs  && cargo build --release --locked" did not complete successfully: exit code: 101

#31 [linux/amd64 build 11/13] RUN for c in core collect control terminal-image render tui; do       mkdir -p "crates/theywork-$c/src" &&       echo "" > "crates/theywork-$c/src/lib.rs";     done  && mkdir -p crates/theywork-tui/src  && echo "fn main() {}" > crates/theywork-tui/src/main.rs  && cargo build --release --locked
#31 0.979 info: syncing channel updates for '1.90.0-x86_64-unknown-linux-gnu'
#31 1.462 info: latest update on 2025-09-18, rust version 1.90.0 (1159e78c4 2025-09-14)
#31 1.521 info: downloading component 'clippy'
#31 2.476 info: downloading component 'rustfmt'
#31 2.905 info: installing component 'clippy'
#31 CANCELED
------
 > [linux/arm64 build 11/13] RUN for c in core collect control terminal-image render tui; do       mkdir -p "crates/theywork-$c/src" &&       echo "" > "crates/theywork-$c/src/lib.rs";     done  && mkdir -p crates/theywork-tui/src  && echo "fn main() {}" > crates/theywork-tui/src/main.rs  && cargo build --release --locked:
0.580 info: syncing channel updates for '1.90.0-aarch64-unknown-linux-gnu'
1.341 info: latest update on 2025-09-18, rust version 1.90.0 (1159e78c4 2025-09-14)
1.371 info: downloading component 'clippy'
1.875 info: downloading component 'rustfmt'
2.607 info: installing component 'clippy'
2.962 info: installing component 'rustfmt'
3.456 error: failed to parse manifest at `/src/crates/theywork-control/Cargo.toml`
3.456 
3.456 Caused by:
3.456   can't find `storage_process` test at `tests/storage_process.rs` or `tests/storage_process/main.rs`. Please specify test.path if you want to use a non-default path.
------
Dockerfile:20
--------------------
  19 |     COPY crates/theywork-tui/Cargo.toml     crates/theywork-tui/
  20 | >>> RUN for c in core collect control terminal-image render tui; do \
  21 | >>>       mkdir -p "crates/theywork-$c/src" && \
  22 | >>>       echo "" > "crates/theywork-$c/src/lib.rs"; \
  23 | >>>     done \
  24 | >>>  && mkdir -p crates/theywork-tui/src \
  25 | >>>  && echo "fn main() {}" > crates/theywork-tui/src/main.rs \
  26 | >>>  && cargo build --release --locked
  27 |     
--------------------
ERROR: failed to build: failed to solve: process "/bin/sh -c for c in core collect control terminal-image render tui; do       mkdir -p \"crates/theywork-$c/src\" &&       echo \"\" > \"crates/theywork-$c/src/lib.rs\";     done  && mkdir -p crates/theywork-tui/src  && echo \"fn main() {}\" > crates/theywork-tui/src/main.rs  && cargo build --release --locked" did not complete successfully: exit code: 101
