#0 building with "desktop-linux" instance using docker driver

#1 [internal] load build definition from Dockerfile
#1 transferring dockerfile: 1.79kB done
#1 DONE 0.0s

#2 [linux/amd64 internal] load metadata for docker.io/library/rust:1.90.0-slim-bookworm
#2 ...

#3 [linux/arm64 internal] load metadata for docker.io/library/rust:1.90.0-slim-bookworm
#3 DONE 0.8s

#4 [linux/arm64 internal] load metadata for docker.io/library/debian:bookworm-slim
#4 DONE 0.8s

#5 [internal] load .dockerignore
#5 transferring context: 173B done
#5 DONE 0.0s

#6 [linux/amd64 internal] load metadata for docker.io/library/debian:bookworm-slim
#6 DONE 0.9s

#2 [linux/amd64 internal] load metadata for docker.io/library/rust:1.90.0-slim-bookworm
#2 DONE 1.4s

#7 [linux/arm64 runtime 1/3] FROM docker.io/library/debian:bookworm-slim@sha256:88200866dfff7ea7f5cbcb6ec7c8a701889efe6fe859fe64d6990e4b07ea4171
#7 resolve docker.io/library/debian:bookworm-slim@sha256:88200866dfff7ea7f5cbcb6ec7c8a701889efe6fe859fe64d6990e4b07ea4171 0.0s done
#7 DONE 0.0s

#8 [linux/arm64 build  1/13] FROM docker.io/library/rust:1.90.0-slim-bookworm@sha256:64232e656c058f4468e8d024e990acff04f0fd5a5c0a88a574dc37773d7325c9
#8 resolve docker.io/library/rust:1.90.0-slim-bookworm@sha256:64232e656c058f4468e8d024e990acff04f0fd5a5c0a88a574dc37773d7325c9 0.0s done
#8 DONE 0.0s

#9 [linux/amd64 build  1/13] FROM docker.io/library/rust:1.90.0-slim-bookworm@sha256:64232e656c058f4468e8d024e990acff04f0fd5a5c0a88a574dc37773d7325c9
#9 resolve docker.io/library/rust:1.90.0-slim-bookworm@sha256:64232e656c058f4468e8d024e990acff04f0fd5a5c0a88a574dc37773d7325c9 0.0s done
#9 sha256:0c3a41ef4bf77ba6860bf1eb6281bdece6349b93d33e84d3f8445240f8062abf 0B / 281.86MB 0.2s
#9 sha256:abe1fea375429ba91b23776f15f53da4ed790fa2b779b40d20f21e69bd66de5a 0B / 28.23MB 0.2s
#9 ...

#10 [internal] load build context
#10 transferring context: 72.11MB 0.8s done
#10 DONE 0.9s

#11 [linux/arm64 build 10/13] COPY crates/theywork-tui/Cargo.toml     crates/theywork-tui/
#11 CACHED

#12 [linux/arm64 build  4/13] COPY Cargo.toml Cargo.lock* rust-toolchain.toml ./
#12 CACHED

#13 [linux/arm64 build  5/13] COPY crates/theywork-core/Cargo.toml    crates/theywork-core/
#13 CACHED

#14 [linux/arm64 build  6/13] COPY crates/theywork-collect/Cargo.toml crates/theywork-collect/
#14 CACHED

#15 [linux/arm64 build  9/13] COPY crates/theywork-render/Cargo.toml  crates/theywork-render/
#15 CACHED

#16 [linux/arm64 build  2/13] RUN apt-get update  && apt-get install -y --no-install-recommends gcc libc6-dev  && rm -rf /var/lib/apt/lists/*
#16 CACHED

#17 [linux/arm64 build  7/13] COPY crates/theywork-control/Cargo.toml crates/theywork-control/
#17 CACHED

#18 [linux/arm64 build  8/13] COPY crates/theywork-terminal-image/Cargo.toml crates/theywork-terminal-image/
#18 CACHED

#19 [linux/arm64 build  3/13] WORKDIR /src
#19 CACHED

#20 [linux/arm64 build 11/13] RUN for c in core collect control terminal-image render tui; do       mkdir -p "crates/theywork-$c/src" &&       echo "" > "crates/theywork-$c/src/lib.rs";     done  && mkdir -p crates/theywork-tui/src  && echo "fn main() {}" > crates/theywork-tui/src/main.rs  && cargo build --release --locked
#20 CACHED

#9 [linux/amd64 build  1/13] FROM docker.io/library/rust:1.90.0-slim-bookworm@sha256:64232e656c058f4468e8d024e990acff04f0fd5a5c0a88a574dc37773d7325c9
#9 sha256:abe1fea375429ba91b23776f15f53da4ed790fa2b779b40d20f21e69bd66de5a 2.10MB / 28.23MB 0.8s
#9 sha256:0c3a41ef4bf77ba6860bf1eb6281bdece6349b93d33e84d3f8445240f8062abf 15.73MB / 281.86MB 1.1s
#9 sha256:abe1fea375429ba91b23776f15f53da4ed790fa2b779b40d20f21e69bd66de5a 6.29MB / 28.23MB 1.4s
#9 sha256:abe1fea375429ba91b23776f15f53da4ed790fa2b779b40d20f21e69bd66de5a 8.39MB / 28.23MB 1.7s
#9 sha256:abe1fea375429ba91b23776f15f53da4ed790fa2b779b40d20f21e69bd66de5a 10.49MB / 28.23MB 1.8s
#9 sha256:0c3a41ef4bf77ba6860bf1eb6281bdece6349b93d33e84d3f8445240f8062abf 34.60MB / 281.86MB 2.1s
#9 sha256:abe1fea375429ba91b23776f15f53da4ed790fa2b779b40d20f21e69bd66de5a 13.63MB / 28.23MB 2.1s
#9 ...

#21 [linux/arm64 build 12/13] COPY . .
#21 DONE 1.6s

#9 [linux/amd64 build  1/13] FROM docker.io/library/rust:1.90.0-slim-bookworm@sha256:64232e656c058f4468e8d024e990acff04f0fd5a5c0a88a574dc37773d7325c9
#9 sha256:abe1fea375429ba91b23776f15f53da4ed790fa2b779b40d20f21e69bd66de5a 16.78MB / 28.23MB 2.4s
#9 sha256:0c3a41ef4bf77ba6860bf1eb6281bdece6349b93d33e84d3f8445240f8062abf 52.43MB / 281.86MB 2.7s
#9 sha256:abe1fea375429ba91b23776f15f53da4ed790fa2b779b40d20f21e69bd66de5a 18.87MB / 28.23MB 2.7s
#9 sha256:abe1fea375429ba91b23776f15f53da4ed790fa2b779b40d20f21e69bd66de5a 20.97MB / 28.23MB 2.9s
#9 ...

#22 [linux/amd64 runtime 1/3] FROM docker.io/library/debian:bookworm-slim@sha256:88200866dfff7ea7f5cbcb6ec7c8a701889efe6fe859fe64d6990e4b07ea4171
#22 resolve docker.io/library/debian:bookworm-slim@sha256:88200866dfff7ea7f5cbcb6ec7c8a701889efe6fe859fe64d6990e4b07ea4171 0.0s done
#22 sha256:a8ac7f6c67abc236e4c745052c404112b8fab6fe8ac3a329d1ef3b867ad67c71 28.23MB / 28.23MB 2.4s done
#22 extracting sha256:a8ac7f6c67abc236e4c745052c404112b8fab6fe8ac3a329d1ef3b867ad67c71 0.7s done
#22 DONE 3.2s

#9 [linux/amd64 build  1/13] FROM docker.io/library/rust:1.90.0-slim-bookworm@sha256:64232e656c058f4468e8d024e990acff04f0fd5a5c0a88a574dc37773d7325c9
#9 sha256:0c3a41ef4bf77ba6860bf1eb6281bdece6349b93d33e84d3f8445240f8062abf 74.45MB / 281.86MB 3.3s
#9 sha256:abe1fea375429ba91b23776f15f53da4ed790fa2b779b40d20f21e69bd66de5a 23.07MB / 28.23MB 3.2s
#9 ...

#23 [linux/amd64 runtime 2/3] RUN useradd --create-home --uid 10001 watcher
#23 DONE 0.5s

#9 [linux/amd64 build  1/13] FROM docker.io/library/rust:1.90.0-slim-bookworm@sha256:64232e656c058f4468e8d024e990acff04f0fd5a5c0a88a574dc37773d7325c9
#9 sha256:abe1fea375429ba91b23776f15f53da4ed790fa2b779b40d20f21e69bd66de5a 25.17MB / 28.23MB 3.5s
#9 sha256:0c3a41ef4bf77ba6860bf1eb6281bdece6349b93d33e84d3f8445240f8062abf 90.18MB / 281.86MB 3.8s
#9 sha256:abe1fea375429ba91b23776f15f53da4ed790fa2b779b40d20f21e69bd66de5a 28.23MB / 28.23MB 3.7s done
#9 extracting sha256:abe1fea375429ba91b23776f15f53da4ed790fa2b779b40d20f21e69bd66de5a
#9 sha256:0c3a41ef4bf77ba6860bf1eb6281bdece6349b93d33e84d3f8445240f8062abf 111.15MB / 281.86MB 4.2s
#9 sha256:0c3a41ef4bf77ba6860bf1eb6281bdece6349b93d33e84d3f8445240f8062abf 130.02MB / 281.86MB 4.7s
#9 extracting sha256:abe1fea375429ba91b23776f15f53da4ed790fa2b779b40d20f21e69bd66de5a 0.8s done
#9 sha256:0c3a41ef4bf77ba6860bf1eb6281bdece6349b93d33e84d3f8445240f8062abf 151.61MB / 281.86MB 5.1s
#9 sha256:0c3a41ef4bf77ba6860bf1eb6281bdece6349b93d33e84d3f8445240f8062abf 167.77MB / 281.86MB 5.6s
#9 sha256:0c3a41ef4bf77ba6860bf1eb6281bdece6349b93d33e84d3f8445240f8062abf 182.49MB / 281.86MB 5.9s
#9 sha256:0c3a41ef4bf77ba6860bf1eb6281bdece6349b93d33e84d3f8445240f8062abf 199.23MB / 281.86MB 6.3s
#9 sha256:0c3a41ef4bf77ba6860bf1eb6281bdece6349b93d33e84d3f8445240f8062abf 213.91MB / 281.86MB 6.9s
#9 sha256:0c3a41ef4bf77ba6860bf1eb6281bdece6349b93d33e84d3f8445240f8062abf 232.78MB / 281.86MB 7.4s
#9 sha256:0c3a41ef4bf77ba6860bf1eb6281bdece6349b93d33e84d3f8445240f8062abf 251.66MB / 281.86MB 7.8s
#9 sha256:0c3a41ef4bf77ba6860bf1eb6281bdece6349b93d33e84d3f8445240f8062abf 270.53MB / 281.86MB 8.3s
#9 sha256:0c3a41ef4bf77ba6860bf1eb6281bdece6349b93d33e84d3f8445240f8062abf 281.86MB / 281.86MB 8.7s done
#9 extracting sha256:0c3a41ef4bf77ba6860bf1eb6281bdece6349b93d33e84d3f8445240f8062abf
#9 ...

#24 [linux/arm64 build 13/13] RUN find crates -name '*.rs' -exec touch {} +  && cargo build --release --locked --bin they-work
#24 1.352    Compiling theywork-core v0.1.0 (/src/crates/theywork-core)
#24 1.355    Compiling theywork-terminal-image v0.1.0 (/src/crates/theywork-terminal-image)
#24 2.776    Compiling theywork-collect v0.1.0 (/src/crates/theywork-collect)
#24 2.776    Compiling theywork-render v0.1.0 (/src/crates/theywork-render)
#24 2.776    Compiling theywork-control v0.1.0 (/src/crates/theywork-control)
#24 6.995    Compiling theywork-tui v0.1.0 (/src/crates/theywork-tui)
#24 ...

#9 [linux/amd64 build  1/13] FROM docker.io/library/rust:1.90.0-slim-bookworm@sha256:64232e656c058f4468e8d024e990acff04f0fd5a5c0a88a574dc37773d7325c9
#9 extracting sha256:0c3a41ef4bf77ba6860bf1eb6281bdece6349b93d33e84d3f8445240f8062abf 4.9s done
#9 DONE 13.7s

#25 [linux/amd64 build  2/13] RUN apt-get update  && apt-get install -y --no-install-recommends gcc libc6-dev  && rm -rf /var/lib/apt/lists/*
#25 0.836 Get:1 http://deb.debian.org/debian bookworm InRelease [151 kB]
#25 0.925 Get:2 http://deb.debian.org/debian bookworm-updates InRelease [55.4 kB]
#25 0.926 Get:3 http://deb.debian.org/debian-security bookworm-security InRelease [34.8 kB]
#25 1.653 Get:4 http://deb.debian.org/debian bookworm/main amd64 Packages [8790 kB]
#25 2.224 Get:5 http://deb.debian.org/debian bookworm-updates/main amd64 Packages [6924 B]
#25 2.870 Get:6 http://deb.debian.org/debian-security bookworm-security/main amd64 Packages [338 kB]
#25 3.139 Fetched 9376 kB in 2s (3770 kB/s)
#25 3.139 Reading package lists...
#25 3.998 Reading package lists...
#25 4.729 Building dependency tree...
#25 5.158 Reading state information...
#25 5.460 gcc is already the newest version (4:12.2.0-3).
#25 5.460 The following additional packages will be installed:
#25 5.463   libc-bin libc-dev-bin libc6
#25 5.467 Suggested packages:
#25 5.467   glibc-doc libc-l10n locales libnss-nis libnss-nisplus manpages-dev
#25 5.467 Recommended packages:
#25 5.467   manpages manpages-dev libc-devtools
#25 5.564 The following packages will be upgraded:
#25 5.564   libc-bin libc-dev-bin libc6 libc6-dev
#25 5.698 4 upgraded, 0 newly installed, 0 to remove and 27 not upgraded.
#25 5.698 Need to get 5320 kB of archives.
#25 5.698 After this operation, 4096 B of additional disk space will be used.
#25 5.698 Get:1 http://deb.debian.org/debian bookworm/main amd64 libc6-dev amd64 2.36-9+deb12u14 [1904 kB]
#25 5.834 Get:2 http://deb.debian.org/debian bookworm/main amd64 libc-dev-bin amd64 2.36-9+deb12u14 [48.1 kB]
#25 5.856 Get:3 http://deb.debian.org/debian bookworm/main amd64 libc6 amd64 2.36-9+deb12u14 [2759 kB]
#25 5.938 Get:4 http://deb.debian.org/debian bookworm/main amd64 libc-bin amd64 2.36-9+deb12u14 [609 kB]
#25 6.345 debconf: delaying package configuration, since apt-utils is not installed
#25 6.427 Fetched 5320 kB in 0s (14.4 MB/s)
#25 6.532 (Reading database ...
(Reading database ... 5%
(Reading database ... 10%
(Reading database ... 15%
(Reading database ... 20%
(Reading database ... 25%
(Reading database ... 30%
(Reading database ... 35%
(Reading database ... 40%
(Reading database ... 45%
(Reading database ... 50%
(Reading database ... 55%
(Reading database ... 60%
(Reading database ... 65%
(Reading database ... 70%
(Reading database ... 75%
(Reading database ... 80%
(Reading database ... 85%
(Reading database ... 90%
(Reading database ... 95%
(Reading database ... 100%
(Reading database ... 9035 files and directories currently installed.)
#25 6.546 Preparing to unpack .../libc6-dev_2.36-9+deb12u14_amd64.deb ...
#25 6.556 Unpacking libc6-dev:amd64 (2.36-9+deb12u14) over (2.36-9+deb12u13) ...
#25 7.587 Preparing to unpack .../libc-dev-bin_2.36-9+deb12u14_amd64.deb ...
#25 7.595 Unpacking libc-dev-bin (2.36-9+deb12u14) over (2.36-9+deb12u13) ...
#25 7.758 Preparing to unpack .../libc6_2.36-9+deb12u14_amd64.deb ...
#25 8.096 debconf: unable to initialize frontend: Dialog
#25 8.096 debconf: (TERM is not set, so the dialog frontend is not usable.)
#25 8.096 debconf: falling back to frontend: Readline
#25 8.097 debconf: unable to initialize frontend: Readline
#25 8.097 debconf: (Can't locate Term/ReadLine.pm in @INC (you may need to install the Term::ReadLine module) (@INC contains: /etc/perl /usr/local/lib/x86_64-linux-gnu/perl/5.36.0 /usr/local/share/perl/5.36.0 /usr/lib/x86_64-linux-gnu/perl5/5.36 /usr/share/perl5 /usr/lib/x86_64-linux-gnu/perl-base /usr/lib/x86_64-linux-gnu/perl/5.36 /usr/share/perl/5.36 /usr/local/lib/site_perl) at /usr/share/perl5/Debconf/FrontEnd/Readline.pm line 7.)
#25 8.097 debconf: falling back to frontend: Teletype
#25 8.481 Unpacking libc6:amd64 (2.36-9+deb12u14) over (2.36-9+deb12u13) ...
#25 9.249 Setting up libc6:amd64 (2.36-9+deb12u14) ...
#25 9.502 debconf: unable to initialize frontend: Dialog
#25 9.502 debconf: (TERM is not set, so the dialog frontend is not usable.)
#25 9.502 debconf: falling back to frontend: Readline
#25 9.502 debconf: unable to initialize frontend: Readline
#25 9.502 debconf: (Can't locate Term/ReadLine.pm in @INC (you may need to install the Term::ReadLine module) (@INC contains: /etc/perl /usr/local/lib/x86_64-linux-gnu/perl/5.36.0 /usr/local/share/perl/5.36.0 /usr/lib/x86_64-linux-gnu/perl5/5.36 /usr/share/perl5 /usr/lib/x86_64-linux-gnu/perl-base /usr/lib/x86_64-linux-gnu/perl/5.36 /usr/share/perl/5.36 /usr/local/lib/site_perl) at /usr/share/perl5/Debconf/FrontEnd/Readline.pm line 7.)
#25 9.502 debconf: falling back to frontend: Teletype
#25 11.08 (Reading database ...
(Reading database ... 5%
(Reading database ... 10%
(Reading database ... 15%
(Reading database ... 20%
(Reading database ... 25%
(Reading database ... 30%
(Reading database ... 35%
(Reading database ... 40%
(Reading database ... 45%
(Reading database ... 50%
(Reading database ... 55%
(Reading database ... 60%
(Reading database ... 65%
(Reading database ... 70%
(Reading database ... 75%
(Reading database ... 80%
(Reading database ... 85%
(Reading database ... 90%
(Reading database ... 95%
(Reading database ... 100%
(Reading database ... 9035 files and directories currently installed.)
#25 11.09 Preparing to unpack .../libc-bin_2.36-9+deb12u14_amd64.deb ...
#25 11.10 Unpacking libc-bin (2.36-9+deb12u14) over (2.36-9+deb12u13) ...
#25 11.25 Setting up libc-bin (2.36-9+deb12u14) ...
#25 11.35 Setting up libc-dev-bin (2.36-9+deb12u14) ...
#25 11.35 Setting up libc6-dev:amd64 (2.36-9+deb12u14) ...
#25 DONE 11.7s

#24 [linux/arm64 build 13/13] RUN find crates -name '*.rs' -exec touch {} +  && cargo build --release --locked --bin they-work
#24 ...

#26 [linux/amd64 build  3/13] WORKDIR /src
#26 DONE 0.0s

#27 [linux/amd64 build  4/13] COPY Cargo.toml Cargo.lock* rust-toolchain.toml ./
#27 DONE 0.1s

#28 [linux/amd64 build  5/13] COPY crates/theywork-core/Cargo.toml    crates/theywork-core/
#28 DONE 0.0s

#29 [linux/amd64 build  6/13] COPY crates/theywork-collect/Cargo.toml crates/theywork-collect/
#29 DONE 0.0s

#30 [linux/amd64 build  7/13] COPY crates/theywork-control/Cargo.toml crates/theywork-control/
#30 DONE 0.0s

#31 [linux/amd64 build  8/13] COPY crates/theywork-terminal-image/Cargo.toml crates/theywork-terminal-image/
#31 DONE 0.0s

#32 [linux/amd64 build  9/13] COPY crates/theywork-render/Cargo.toml  crates/theywork-render/
#32 DONE 0.0s

#33 [linux/amd64 build 10/13] COPY crates/theywork-tui/Cargo.toml     crates/theywork-tui/
#33 DONE 0.0s

#24 [linux/arm64 build 13/13] RUN find crates -name '*.rs' -exec touch {} +  && cargo build --release --locked --bin they-work
#24 ...

#34 [linux/amd64 build 11/13] RUN for c in core collect control terminal-image render tui; do       mkdir -p "crates/theywork-$c/src" &&       echo "" > "crates/theywork-$c/src/lib.rs";     done  && mkdir -p crates/theywork-tui/src  && echo "fn main() {}" > crates/theywork-tui/src/main.rs  && cargo build --release --locked
#34 0.609 info: syncing channel updates for '1.90.0-x86_64-unknown-linux-gnu'
#34 0.986 info: latest update on 2025-09-18, rust version 1.90.0 (1159e78c4 2025-09-14)
#34 1.019 info: downloading component 'clippy'
#34 1.269 info: downloading component 'rustfmt'
#34 1.476 info: installing component 'clippy'
#34 1.893 info: installing component 'rustfmt'
#34 2.465     Updating crates.io index
#34 3.938  Downloading crates ...
#34 4.032   Downloaded cfg-if v1.0.4
#34 4.047   Downloaded darling_macro v0.24.1
#34 4.049   Downloaded cassowary v0.3.0
#34 4.053   Downloaded allocator-api2 v0.2.21
#34 4.061   Downloaded adler2 v2.0.1
#34 4.064   Downloaded equivalent v1.0.2
#34 4.066   Downloaded castaway v0.2.4
#34 4.070   Downloaded itoa v1.0.18
#34 4.077   Downloaded ident_case v1.0.1
#34 4.080   Downloaded version_check v0.9.5
#34 4.082   Downloaded instability v0.3.13
#34 4.088   Downloaded unicode-truncate v1.1.0
#34 4.094   Downloaded either v1.18.0
#34 4.096   Downloaded strsim v0.11.1
#34 4.098   Downloaded scopeguard v1.2.0
#34 4.101   Downloaded lru v0.12.5
#34 4.103   Downloaded strum v0.26.3
#34 4.105   Downloaded fallible-streaming-iterator v0.1.9
#34 4.107   Downloaded errno v0.3.14
#34 4.112   Downloaded foldhash v0.1.5
#34 4.114   Downloaded find-msvc-tools v0.1.11
#34 4.116   Downloaded zmij v1.0.23
#34 4.119   Downloaded signal-hook-registry v1.4.8
#34 4.120   Downloaded strum_macros v0.26.4
#34 4.124   Downloaded simd-adler32 v0.3.10
#34 4.127   Downloaded hashlink v0.9.1
#34 4.130   Downloaded heck v0.5.0
#34 4.132   Downloaded signal-hook-mio v0.2.5
#34 4.135   Downloaded quote v1.0.47
#34 4.139   Downloaded smallvec v1.15.2
#34 4.141   Downloaded parking_lot_core v0.9.12
#34 4.144   Downloaded crc32fast v1.5.1
#34 4.147   Downloaded anyhow v1.0.104
#34 4.151   Downloaded ahash v0.8.12
#34 4.154   Downloaded parking_lot v0.12.5
#34 4.158   Downloaded bitflags v2.13.1
#34 4.163   Downloaded unicode-ident v1.0.24
#34 4.167   Downloaded signal-hook v0.3.18
#34 4.171   Downloaded miniz_oxide v0.9.1
#34 4.175   Downloaded miniz_oxide v0.8.9
#34 4.182   Downloaded serde v1.0.229
#34 4.187   Downloaded unicode-segmentation v1.13.3
#34 4.191   Downloaded mio v1.2.2
#34 4.199   Downloaded png v0.17.16
#34 4.205   Downloaded flate2 v1.1.10
#34 4.211   Downloaded crossterm v0.28.1
#34 4.219   Downloaded cc v1.4.4
#34 4.223   Downloaded memchr v2.8.3
#34 4.228   Downloaded darling_core v0.24.1
#34 4.235   Downloaded compact_str v0.8.2
#34 4.241   Downloaded log v0.4.34
#34 4.245   Downloaded darling v0.24.1
#34 4.252   Downloaded serde_derive v1.0.229
#34 4.255   Downloaded serde_core v1.0.229
#34 4.261   Downloaded ryu v1.0.23
#34 4.276   Downloaded rusqlite v0.32.1
#34 4.289   Downloaded serde_json v1.0.151
#34 4.301   Downloaded zlib-rs v0.6.7
#34 4.309   Downloaded vcpkg v0.2.15
#34 4.380   Downloaded itertools v0.13.0
#34 4.393   Downloaded hashbrown v0.15.5
#34 4.399   Downloaded zerocopy v0.8.56
#34 4.426   Downloaded unicode-width v0.2.0
#34 4.437   Downloaded syn v3.0.4
#34 4.452   Downloaded syn v2.0.119
#34 4.467   Downloaded unicode-width v0.1.14
#34 4.484   Downloaded hashbrown v0.14.5
#34 4.492   Downloaded proc-macro2 v1.0.107
#34 4.496   Downloaded rustix v0.38.44
#34 4.539   Downloaded once_cell v1.21.4
#34 4.542   Downloaded shlex v2.0.1
#34 4.544   Downloaded pkg-config v0.3.34
#34 4.547   Downloaded static_assertions v1.1.0
#34 4.549   Downloaded rustversion v1.0.23
#34 4.552   Downloaded paste v1.0.15
#34 4.557   Downloaded lock_api v0.4.14
#34 4.559   Downloaded ratatui v0.29.0
#34 4.581   Downloaded indoc v2.0.7
#34 4.587   Downloaded fdeflate v0.3.7
#34 4.589   Downloaded bitflags v1.3.2
#34 4.593   Downloaded fallible-iterator v0.3.0
#34 4.597   Downloaded libc v0.2.189
#34 4.656   Downloaded linux-raw-sys v0.4.15
#34 4.753   Downloaded libsqlite3-sys v0.30.1
#34 5.015    Compiling proc-macro2 v1.0.107
#34 5.016    Compiling quote v1.0.47
#34 5.017    Compiling unicode-ident v1.0.24
#34 5.017    Compiling cfg-if v1.0.4
#34 5.017    Compiling libc v0.2.189
#34 5.017    Compiling smallvec v1.15.2
#34 5.018    Compiling serde_core v1.0.229
#34 5.018    Compiling rustversion v1.0.23
#34 5.019    Compiling version_check v0.9.5
#34 5.019    Compiling zerocopy v0.8.56
#34 5.891    Compiling parking_lot_core v0.9.12
#34 6.869    Compiling bitflags v2.13.1
#34 9.334    Compiling signal-hook v0.3.18
#34 9.540    Compiling shlex v2.0.1
#34 9.860    Compiling ahash v0.8.12
#34 9.965    Compiling zmij v1.0.23
#34 10.72    Compiling ident_case v1.0.1
#34 12.66    Compiling simd-adler32 v0.3.10
#34 12.68    Compiling log v0.4.34
#34 12.74    Compiling strsim v0.11.1
#34 13.93    Compiling serde v1.0.229
#34 14.07    Compiling rustix v0.38.44
#34 15.15    Compiling scopeguard v1.2.0
#34 15.70    Compiling find-msvc-tools v0.1.11
#34 17.18    Compiling itoa v1.0.18
#34 17.62    Compiling lock_api v0.4.14
#34 18.12    Compiling crc32fast v1.5.1
#34 18.71    Compiling linux-raw-sys v0.4.15
#34 19.96    Compiling cc v1.4.4
#34 20.16    Compiling pkg-config v0.3.34
#34 21.81    Compiling errno v0.3.14
#34 22.46    Compiling mio v1.2.2
#34 22.71    Compiling adler2 v2.0.1
#34 23.45    Compiling vcpkg v0.2.15
#34 24.72    Compiling syn v3.0.4
#34 25.43    Compiling signal-hook-registry v1.4.8
#34 25.54    Compiling once_cell v1.21.4
#34 25.72    Compiling serde_json v1.0.151
#34 26.94    Compiling parking_lot v0.12.5
#34 27.48    Compiling syn v2.0.119
#34 31.94    Compiling paste v1.0.15
#34 33.25    Compiling libsqlite3-sys v0.30.1
#34 33.94    Compiling equivalent v1.0.2
#34 36.22    Compiling signal-hook-mio v0.2.5
#34 36.87    Compiling foldhash v0.1.5
#34 37.15    Compiling allocator-api2 v0.2.21
#34 38.45    Compiling memchr v2.8.3
#34 39.08    Compiling instability v0.3.13
#34 39.09    Compiling heck v0.5.0
#34 40.46    Compiling either v1.18.0
#34 40.69    Compiling crossterm v0.28.1
#34 46.66    Compiling hashbrown v0.15.5
#34 47.60    Compiling itertools v0.13.0
#34 47.73    Compiling miniz_oxide v0.9.1
#34 ...

#24 [linux/arm64 build 13/13] RUN find crates -name '*.rs' -exec touch {} +  && cargo build --release --locked --bin they-work
#24 72.50     Finished `release` profile [optimized] target(s) in 1m 11s
#24 DONE 72.7s

#34 [linux/amd64 build 11/13] RUN for c in core collect control terminal-image render tui; do       mkdir -p "crates/theywork-$c/src" &&       echo "" > "crates/theywork-$c/src/lib.rs";     done  && mkdir -p crates/theywork-tui/src  && echo "fn main() {}" > crates/theywork-tui/src/main.rs  && cargo build --release --locked
#34 ...

#35 [linux/arm64 runtime 2/3] RUN useradd --create-home --uid 10001 watcher
#35 CACHED

#36 [linux/arm64 runtime 3/3] COPY --from=build /src/target/release/they-work /usr/local/bin/they-work
#36 DONE 0.1s

#34 [linux/amd64 build 11/13] RUN for c in core collect control terminal-image render tui; do       mkdir -p "crates/theywork-$c/src" &&       echo "" > "crates/theywork-$c/src/lib.rs";     done  && mkdir -p crates/theywork-tui/src  && echo "fn main() {}" > crates/theywork-tui/src/main.rs  && cargo build --release --locked
#34 53.60    Compiling castaway v0.2.4
#34 56.25    Compiling indoc v2.0.7
#34 57.52    Compiling darling_core v0.24.1
#34 58.77    Compiling strum_macros v0.26.4
#34 59.02    Compiling hashbrown v0.14.5
#34 64.21    Compiling unicode-width v0.1.14
#34 64.27    Compiling anyhow v1.0.104
#34 64.46    Compiling ryu v1.0.23
#34 68.78    Compiling static_assertions v1.1.0
#34 68.87    Compiling unicode-segmentation v1.13.3
#34 69.17    Compiling hashlink v0.9.1
#34 70.12    Compiling compact_str v0.8.2
#34 70.14    Compiling serde_derive v1.0.229
#34 70.91    Compiling lru v0.12.5
#34 73.31    Compiling flate2 v1.1.10
#34 75.34    Compiling miniz_oxide v0.8.9
#34 76.26    Compiling strum v0.26.3
#34 76.39    Compiling unicode-truncate v1.1.0
#34 78.98    Compiling fdeflate v0.3.7
#34 79.33    Compiling unicode-width v0.2.0
#34 80.83    Compiling fallible-iterator v0.3.0
#34 82.59    Compiling cassowary v0.3.0
#34 83.23    Compiling bitflags v1.3.2
#34 83.89    Compiling fallible-streaming-iterator v0.1.9
#34 85.33    Compiling png v0.17.16
#34 88.94    Compiling darling_macro v0.24.1
#34 93.29    Compiling darling v0.24.1
#34 95.40    Compiling theywork-terminal-image v0.1.0 (/src/crates/theywork-terminal-image)
#34 98.51    Compiling theywork-core v0.1.0 (/src/crates/theywork-core)
#34 98.74    Compiling ratatui v0.29.0
#34 99.16    Compiling theywork-control v0.1.0 (/src/crates/theywork-control)
#34 105.9    Compiling theywork-render v0.1.0 (/src/crates/theywork-render)
#34 171.6    Compiling rusqlite v0.32.1
#34 176.7    Compiling theywork-collect v0.1.0 (/src/crates/theywork-collect)
#34 177.1    Compiling theywork-tui v0.1.0 (/src/crates/theywork-tui)
#34 186.4     Finished `release` profile [optimized] target(s) in 3m 04s
#34 DONE 186.8s

#37 [linux/amd64 build 12/13] COPY . .
#37 DONE 3.0s

#38 [linux/amd64 build 13/13] RUN find crates -name '*.rs' -exec touch {} +  && cargo build --release --locked --bin they-work
#38 1.036    Compiling theywork-core v0.1.0 (/src/crates/theywork-core)
#38 1.040    Compiling theywork-terminal-image v0.1.0 (/src/crates/theywork-terminal-image)
#38 5.087    Compiling theywork-render v0.1.0 (/src/crates/theywork-render)
#38 5.088    Compiling theywork-collect v0.1.0 (/src/crates/theywork-collect)
#38 5.088    Compiling theywork-control v0.1.0 (/src/crates/theywork-control)
#38 14.01    Compiling theywork-tui v0.1.0 (/src/crates/theywork-tui)
#38 80.18     Finished `release` profile [optimized] target(s) in 1m 19s
#38 DONE 80.2s

#39 [linux/amd64 runtime 3/3] COPY --from=build /src/target/release/they-work /usr/local/bin/they-work
#39 DONE 0.0s

#40 exporting to image
#40 exporting layers
#40 exporting layers 0.2s done
#40 exporting manifest sha256:07c517944f12b2ef6a3457c7f8c6b19a9c944716de5e52f57392f27360fe8ee1 done
#40 exporting config sha256:49c6749d508dad186e7f566303f6087f866dd725aad87d5b11b56fb86d744b77 done
#40 exporting attestation manifest sha256:75b8ac9be115ac3ca5bb298b5c5cf957ab2de36f0c0262a9b878a8c6e21449fd 0.0s done
#40 exporting manifest sha256:d00d9c2befa91ee5f865bdd8208498d76197bd264a8eba176f488d0101ce6400 done
#40 exporting config sha256:15188469c21f74edc297d253a1948f9b9f3edb87e3f3617869de309dca43cbe8 done
#40 exporting attestation manifest sha256:ce0fe768adecc7952ec402b621b36eafaee41596b59d7ee78844c6fbb7aa39f5 0.0s done
#40 exporting manifest list sha256:ddc6a0fb6dccece7eab549e6701e16b9b02cfe3405dbb82ff440cebb825ed092 done
#40 naming to localhost:5058/they-work:candidate-audit8 done
#40 unpacking to localhost:5058/they-work:candidate-audit8 0.0s done
#40 pushing layers
#40 pushing layers 0.9s done
#40 pushing manifest for localhost:5058/they-work:candidate-audit8@sha256:ddc6a0fb6dccece7eab549e6701e16b9b02cfe3405dbb82ff440cebb825ed092
#40 pushing manifest for localhost:5058/they-work:candidate-audit8@sha256:ddc6a0fb6dccece7eab549e6701e16b9b02cfe3405dbb82ff440cebb825ed092 0.0s done
#40 DONE 1.3s

#41 resolving provenance for metadata file
#41 DONE 0.0s
