   Compiling theywork-render v0.1.0 (/Users/gc/Documents/Programming/they-work/crates/theywork-render)
    Finished `test` profile [unoptimized + debuginfo] target(s) in 1.17s
     Running unittests src/lib.rs (target/native-macos/debug/deps/theywork_render-f4230b7ccf13dfb0)

running 68 tests
test views::cameras::tests::floor_numbers_do_not_change_when_a_worker_needs_attention ... ok
test views::cameras::tests::project_paths_preserve_the_distinguishing_end_at_small_widths ... ok
test views::cameras::tests::tower_directory_stacks_projects_in_one_column ... ok
test views::finder::tests::quiet_turn_does_not_match_a_request_for_approval ... ok
test views::cameras::tests::directory_attention_survives_a_narrow_row ... ok
test views::finder::tests::search_distinguishes_duplicate_projects_and_prioritizes_exact_task_titles ... ok
test views::desk::tests::historical_request_is_not_styled_as_a_current_alert ... ok
test views::desk::tests::stale_work_is_attention_without_an_invented_approval_request ... ok
test views::desk::tests::current_request_remains_complete_after_recorded_work ... ok
test views::desk::tests::wrapped_context_preserves_title_and_unicode_at_narrow_widths ... ok
test views::guard_scene::tests::room_representatives_prioritize_attention_without_reordering_the_office ... ok
test views::office::tests::auto_projection_chooses_room_then_degrades_by_available_space ... ok
test views::finder::tests::refresh_preserves_identity_when_live_results_shift ... ok
test views::desk::tests::timeline_wraps_complete_detail_and_retains_outcome ... ok
test views::cameras::tests::compact_team_preview_reports_the_unlisted_conversations ... ok
test views::office::tests::common_five_worker_floor_uses_balanced_rows ... ok
test views::office::tests::chairs_workers_and_desks_form_a_seated_stack_at_one_scale ... ok
test views::office::tests::clouds_never_draw_outside_their_window ... ok
test views::office::tests::compact_project_sign_keeps_a_flat_face_clear_of_alert_rows ... ok
test views::guard_scene::tests::dense_guard_rooms_keep_markers_bounded_and_edges_opaque ... ok
test views::office::tests::desk_layout_caps_the_main_floor_and_pages_overflow ... ok
test views::finder::tests::unicode_editing_and_narrow_cursor_remain_in_bounds ... ok
test views::cameras::tests::tower_exposes_attention_and_last_floor_without_changing_identity ... ok
test views::office::tests::every_floor_density_uses_native_pixels_or_integer_enlargement ... ok
test views::office::tests::compact_isometric_floor_pages_before_workers_overlap ... ok
test views::office::tests::isometric_room_has_a_floor_plate_with_breathing_space ... ok
test views::office::tests::isometric_room_keeps_objects_separate_and_ground_open ... ok
test views::office::tests::isometric_sign_stays_in_its_reserved_band ... ok
test views::office::tests::light_mode_keeps_floor_outlines_dark ... ok
test views::office::tests::long_isometric_sign_steps_down_without_leaving_its_band ... ok
test views::office::tests::manager_reaches_attention_pose_after_travel ... ok
test views::office::tests::midnight_floor_seams_survive_the_256_colour_terminal_palette ... ok
test views::guard_scene::tests::native_image_markers_stay_in_terminal_cell_coordinates ... ok
test views::office::tests::occupied_desk_tiles_are_unique_and_spread_across_the_plate ... ok
test views::office::tests::office_palettes_change_room_materials_but_keep_worker_and_alert_colours ... ok
test views::office::tests::painter_order_puts_nearer_and_taller_items_last ... ok
test views::office::tests::project_labels_are_safe_and_split_without_ellipsis ... ok
test views::office::tests::project_sign_stays_above_floor_and_within_bounded_area ... ok
test views::office::tests::projection_cycle_is_reversible_for_every_view ... ok
test views::office::tests::resize_plans_have_only_occupied_rows_and_adjacent_nameplates ... ok
test views::office::tests::five_workers_fit_the_plate_without_clipping_or_each_other ... ok
test views::office::tests::shared_prefixes_and_duplicate_titles_keep_distinguishable_nameplates ... ok
test views::office::tests::sky_is_deterministic_but_changes_with_time ... ok
test views::office::tests::worker_marker_positions_use_encoding_cell_density ... ok
test views::office::tests::worker_plate_names_preserve_distinguishing_suffixes ... ok
test views::office::tests::common_terminal_draws_workers_and_labels_instead_of_a_plain_list ... ok
test views::phone::tests::attention_precedes_idle_and_errors_are_included_without_old_prompts ... ok
test views::phone::tests::channels_cycle_in_both_directions ... ok
test views::phone::tests::channels_include_live_status_and_core_beat_history ... ok
test views::phone::tests::current_message_identity_survives_new_activity_and_reordering ... ok
test views::phone::tests::historical_edit_keeps_its_evidence_when_worker_later_needs_approval ... ok
test views::phone::tests::phone_tabs_fit_the_smallest_supported_panel ... ok
test views::phone::tests::recorded_events_are_newest_first_across_workers ... ok
test views::tests::full_portrait_keeps_its_aspect_ratio_in_quadrant_cells ... ok
test views::tests::opaque_paint_replaces_previous_symbols_and_background ... ok
test views::tests::phone_avatar_is_the_head_crop_of_the_office_sprite ... ok
test views::tests::safe_display_replaces_controls_and_emoji ... ok
test views::tests::short_path_never_splits_utf8_and_respects_tiny_widths ... ok
test views::tests::token_labels_use_human_units ... ok
test views::office::tests::isometric_floor_is_a_continuous_surface_at_odd_pixel_sizes ... ok
test views::office::tests::room_motion_freezes_sky_figures_and_manager_together ... ok
test views::office::tests::worker_wardrobe_variants_have_distinct_pixels_at_every_density ... ok
test views::office::tests::native_room_uses_the_available_image_frame ... ok
test views::office::tests::blocked_floor_labels_avoid_the_manager_at_the_rendered_time ... ok
test views::office::tests::complete_they_work_sign_keeps_every_letter_face_at_every_density ... ok
test views::office::tests::every_letter_and_digit_keeps_its_five_by_seven_face_at_every_density ... ok
test views::office::tests::isometric_navigation_reaches_last_worker_and_keeps_identity_through_resize ... ok
test views::office::tests::floor_worker_plates_stay_with_their_desks_at_every_encoding ... ok

test result: ok. 68 passed; 0 failed; 0 ignored; 0 measured; 69 filtered out; finished in 1.61s

    Checking theywork-render v0.1.0 (/Users/gc/Documents/Programming/they-work/crates/theywork-render)
    Finished `dev` profile [unoptimized + debuginfo] target(s) in 0.93s
