# Source: docs/design-audit/tmp/ci-follow-up/job-103787302597.log; SHA-256: 0b05c138533900a189458511993e12a711f0f38055e37ba579114a7e492d341f
# Checked-out source: 25e1be50cde3e320043479811edbb959e06e0ddd

# Original raw log lines 1-34
2026-09-13T20:26:55.1714931Z Current runner version: '2.337.0'
2026-09-13T20:26:55.1735471Z ##[group]Runner Image Provisioner
2026-09-13T20:26:55.1736115Z Hosted Compute Agent
2026-09-13T20:26:55.1736526Z Version: 20260828.587
2026-09-13T20:26:55.1737009Z Commit: abac92662cab4cc7352de4f9f9d2e2419aad9c29
2026-09-13T20:26:55.1737631Z Build Date: 2026-08-28T16:44:25Z
2026-09-13T20:26:55.1738105Z Worker ID: {f974ed86-9699-4554-9cef-5f5bd0a25bb9}
2026-09-13T20:26:55.1738615Z Azure Region: westcentralus
2026-09-13T20:26:55.1739095Z ##[endgroup]
2026-09-13T20:26:55.1740103Z ##[group]Operating System
2026-09-13T20:26:55.1740563Z Microsoft Windows Server 2022
2026-09-13T20:26:55.1741022Z 10.0.20348
2026-09-13T20:26:55.1741383Z Datacenter
2026-09-13T20:26:55.1741756Z ##[endgroup]
2026-09-13T20:26:55.1742129Z ##[group]Runner Image
2026-09-13T20:26:55.1742538Z Image: windows-2022
2026-09-13T20:26:55.1742948Z Version: 20260907.297.1
2026-09-13T20:26:55.1744225Z Included Software: https://github.com/actions/runner-images/blob/win22/20260907.297/images/windows/Windows2022-Readme.md
2026-09-13T20:26:55.1745384Z Image Release: https://github.com/actions/runner-images/releases/tag/win22%2F20260907.297
2026-09-13T20:26:55.1746150Z ##[endgroup]
2026-09-13T20:26:55.1746974Z ##[group]GITHUB_TOKEN Permissions
2026-09-13T20:26:55.1748380Z Contents: read
2026-09-13T20:26:55.1748804Z Metadata: read
2026-09-13T20:26:55.1749210Z ##[endgroup]
2026-09-13T20:26:55.1750799Z Secret source: Actions
2026-09-13T20:26:55.1751460Z Cache mode: write
2026-09-13T20:26:55.1751985Z Prepare workflow directory
2026-09-13T20:26:55.2097088Z Prepare all required actions
2026-09-13T20:26:55.2134648Z Getting action download info
2026-09-13T20:26:55.5117275Z Download action repository 'actions/checkout@v4' (SHA:11d5960a326750d5838078e36cf38b85af677262)
2026-09-13T20:26:55.6332249Z Download action repository 'actions/setup-python@v6' (SHA:ece7cb06caefa5fff74198d8649806c4678c61a1)
2026-09-13T20:26:55.7427680Z Download action repository 'actions/upload-artifact@v4' (SHA:ea165f8d65b6e75b540449e92b4886f43607fa02)
2026-09-13T20:26:56.0189747Z Uses: Giuseppecarte/they-work/.github/workflows/native.yml@refs/pull/1/merge (25e1be50cde3e320043479811edbb959e06e0ddd)
2026-09-13T20:26:56.0193826Z Complete job name: native / x86_64-pc-windows-msvc

# Original raw log lines 1306-1324
2026-09-13T20:36:41.0254618Z     Finished `release` profile [optimized] target(s) in 1m 16s
2026-09-13T20:36:41.1133894Z ##[group]Run ./scripts/test-native-install.ps1
2026-09-13T20:36:41.1134249Z [36;1m./scripts/test-native-install.ps1[0m
2026-09-13T20:36:41.1158728Z shell: C:\Program Files\PowerShell\7\pwsh.EXE -command ". '{0}'"
2026-09-13T20:36:41.1159002Z env:
2026-09-13T20:36:41.1159157Z   MACOSX_DEPLOYMENT_TARGET: 11.0
2026-09-13T20:36:41.1159418Z   pythonLocation: C:\hostedtoolcache\windows\Python\3.13.15\x64
2026-09-13T20:36:41.1159801Z   PKG_CONFIG_PATH: C:\hostedtoolcache\windows\Python\3.13.15\x64/lib/pkgconfig
2026-09-13T20:36:41.1160152Z   Python_ROOT_DIR: C:\hostedtoolcache\windows\Python\3.13.15\x64
2026-09-13T20:36:41.1160467Z   Python2_ROOT_DIR: C:\hostedtoolcache\windows\Python\3.13.15\x64
2026-09-13T20:36:41.1160780Z   Python3_ROOT_DIR: C:\hostedtoolcache\windows\Python\3.13.15\x64
2026-09-13T20:36:41.1161033Z ##[endgroup]
2026-09-13T20:36:41.7152841Z [31;1mCompress-Archive: [0mD:\a\they-work\they-work\scripts\test-native-install.ps1:32[0m
2026-09-13T20:36:41.7153772Z [31;1m[0m[36;1mLine |[0m
2026-09-13T20:36:41.7154340Z [31;1m[0m[36;1m[36;1m  32 | [0m     [36;1mCompress-Archive -Path $payload -DestinationPath (Join-Path $scra[0m …[0m
2026-09-13T20:36:41.7154929Z [31;1m[0m[36;1m[36;1m[0m[36;1m[0m[36;1m     | [31;1m     ~~~~~~~~~~~~~~~~~~~~~~~~~~~~~~~~~~~~~~~~~~~~~~~~~~~~~~~~~~~~~~~~~[0m
2026-09-13T20:36:41.7155663Z [31;1m[0m[36;1m[36;1m[0m[36;1m[0m[36;1m[31;1m[31;1m[36;1m     | [31;1mThe path 'D:\a\they-work\they-work\target\installer-tests\d333a70b-4fa7-416f-919b-16f92512237b\they-work.exe'[0m
2026-09-13T20:36:41.7156448Z [31;1m[0m[36;1m[36;1m[0m[36;1m[0m[36;1m[31;1m[31;1m[36;1m[31;1m[36;1m     | [31;1meither does not exist or is not a valid file system path.[0m
2026-09-13T20:36:41.7595912Z ##[error]Process completed with exit code 1.
