docker build -f docker/Dockerfile -t they-work:local .
#0 building with "desktop-linux" instance using docker driver

#1 [internal] load build definition from Dockerfile
#1 transferring dockerfile: 1.72kB done
#1 DONE 0.0s

#2 [internal] load metadata for docker.io/library/rust:1.90.0-slim-bookworm
#2 ...

#3 [internal] load metadata for docker.io/library/debian:bookworm-slim
#3 DONE 0.8s

#2 [internal] load metadata for docker.io/library/rust:1.90.0-slim-bookworm
#2 DONE 0.8s

#4 [internal] load .dockerignore
#4 transferring context: 173B done
#4 DONE 0.0s

#5 [runtime 1/3] FROM docker.io/library/debian:bookworm-slim@sha256:88200866dfff7ea7f5cbcb6ec7c8a701889efe6fe859fe64d6990e4b07ea4171
#5 resolve docker.io/library/debian:bookworm-slim@sha256:88200866dfff7ea7f5cbcb6ec7c8a701889efe6fe859fe64d6990e4b07ea4171 0.0s done
#5 DONE 0.1s

#6 [build  1/12] FROM docker.io/library/rust:1.90.0-slim-bookworm@sha256:64232e656c058f4468e8d024e990acff04f0fd5a5c0a88a574dc37773d7325c9
#6 resolve docker.io/library/rust:1.90.0-slim-bookworm@sha256:64232e656c058f4468e8d024e990acff04f0fd5a5c0a88a574dc37773d7325c9 0.1s done
#6 DONE 0.1s

#7 [internal] load build context
#7 transferring context: 25.35MB 0.5s done
#7 DONE 0.6s

#8 [build  3/12] WORKDIR /src
#8 CACHED

#9 [build  4/12] COPY Cargo.toml Cargo.lock* rust-toolchain.toml ./
#9 CACHED

#10 [build  5/12] COPY crates/theywork-core/Cargo.toml    crates/theywork-core/
#10 CACHED

#11 [build  7/12] COPY crates/theywork-terminal-image/Cargo.toml crates/theywork-terminal-image/
#11 CACHED

#12 [build  2/12] RUN apt-get update  && apt-get install -y --no-install-recommends gcc libc6-dev  && rm -rf /var/lib/apt/lists/*
#12 CACHED

#13 [build  6/12] COPY crates/theywork-collect/Cargo.toml crates/theywork-collect/
#13 CACHED

#14 [build  9/12] COPY crates/theywork-tui/Cargo.toml     crates/theywork-tui/
#14 CACHED

#15 [build  8/12] COPY crates/theywork-render/Cargo.toml  crates/theywork-render/
#15 CACHED

#16 [build 10/12] RUN for c in core collect terminal-image render tui; do       mkdir -p "crates/theywork-$c/src" &&       echo "" > "crates/theywork-$c/src/lib.rs";     done  && mkdir -p crates/theywork-tui/src  && echo "fn main() {}" > crates/theywork-tui/src/main.rs  && cargo build --release --locked
#16 CACHED

#17 [build 11/12] COPY . .
#17 DONE 0.7s

#18 [build 12/12] RUN find crates -name '*.rs' -exec touch {} +  && cargo build --release --locked --bin they-work
#18 0.988    Compiling theywork-core v0.1.0 (/src/crates/theywork-core)
#18 0.989    Compiling theywork-terminal-image v0.1.0 (/src/crates/theywork-terminal-image)
#18 1.525    Compiling theywork-render v0.1.0 (/src/crates/theywork-render)
#18 1.525    Compiling theywork-collect v0.1.0 (/src/crates/theywork-collect)
#18 3.060    Compiling theywork-tui v0.1.0 (/src/crates/theywork-tui)
#18 20.38     Finished `release` profile [optimized] target(s) in 19.68s
#18 DONE 20.4s

#19 [runtime 2/3] RUN useradd --create-home --uid 10001 watcher
#19 CACHED

#20 [runtime 3/3] COPY --from=build /src/target/release/they-work /usr/local/bin/they-work
#20 DONE 0.0s

#21 exporting to image
#21 exporting layers 0.1s done
#21 exporting manifest sha256:abc25127310625d73dd3b2e16290ce82cda71950e273ff185eb59294db1e2a7f done
#21 exporting config sha256:3c14d78edce5bc67eacb6313141f9ed29eb536c20dc5c3e7853ddefd6e6375c1 done
#21 exporting attestation manifest sha256:52d5f5dc34a5b97862b1a9f020f20f24da5e7f53ecd9551da3f9f021fa8270ba 0.0s done
#21 exporting manifest list sha256:04660432d6cfebb8fcb09d9c04e1e1ed1489901e809c237f7363d043a84aea45 done
#21 naming to docker.io/library/they-work:local done
#21 unpacking to docker.io/library/they-work:local 0.0s done
#21 DONE 0.2s
