   Compiling proc-macro2 v1.0.107
   Compiling quote v1.0.47
   Compiling unicode-ident v1.0.24
    Checking cfg-if v1.0.4
   Compiling libc v0.2.189
    Checking smallvec v1.15.2
    Checking bitflags v2.13.1
   Compiling serde_core v1.0.229
   Compiling parking_lot_core v0.9.12
   Compiling signal-hook v0.3.18
    Checking log v0.4.34
   Compiling serde v1.0.229
    Checking scopeguard v1.2.0
   Compiling rustversion v1.0.23
   Compiling rustix v0.38.44
    Checking lock_api v0.4.14
    Checking itoa v1.0.18
   Compiling zerocopy v0.8.56
   Compiling strsim v0.11.1
   Compiling ident_case v1.0.1
   Compiling version_check v0.9.5
   Compiling find-msvc-tools v0.1.11
    Checking simd-adler32 v0.3.10
   Compiling ahash v0.8.12
   Compiling shlex v2.0.1
   Compiling cc v1.4.4
   Compiling paste v1.0.15
   Compiling heck v0.5.0
    Checking either v1.18.0
    Checking allocator-api2 v0.2.21
   Compiling instability v0.3.13
   Compiling syn v3.0.4
   Compiling syn v2.0.119
    Checking once_cell v1.21.4
   Compiling crc32fast v1.5.1
    Checking adler2 v2.0.1
    Checking equivalent v1.0.2
   Compiling pkg-config v0.3.34
    Checking foldhash v0.1.5
   Compiling vcpkg v0.2.15
    Checking hashbrown v0.15.5
    Checking errno v0.3.14
    Checking signal-hook-registry v1.4.8
    Checking mio v1.2.2
    Checking parking_lot v0.12.5
    Checking castaway v0.2.4
    Checking signal-hook-mio v0.2.5
    Checking itertools v0.13.0
   Compiling libsqlite3-sys v0.30.1
    Checking unicode-segmentation v1.13.3
   Compiling indoc v2.0.7
    Checking static_assertions v1.1.0
    Checking unicode-width v0.1.14
    Checking crossterm v0.28.1
    Checking ryu v1.0.23
   Compiling zmij v1.0.23
    Checking compact_str v0.8.2
    Checking lru v0.12.5
    Checking miniz_oxide v0.9.1
    Checking unicode-width v0.2.0
    Checking cassowary v0.3.0
   Compiling serde_json v1.0.151
    Checking miniz_oxide v0.8.9
    Checking fdeflate v0.3.7
    Checking fallible-iterator v0.3.0
    Checking flate2 v1.1.10
    Checking memchr v2.8.3
    Checking unicode-truncate v1.1.0
    Checking bitflags v1.3.2
    Checking fallible-streaming-iterator v0.1.9
   Compiling anyhow v1.0.104
    Checking png v0.17.16
   Compiling strum_macros v0.26.4
   Compiling darling_core v0.24.1
    Checking theywork-terminal-image v0.1.0 (/Users/gc/Documents/Programming/they-work/crates/theywork-terminal-image)
   Compiling serde_derive v1.0.229
    Checking strum v0.26.3
    Checking hashbrown v0.14.5
    Checking hashlink v0.9.1
   Compiling darling_macro v0.24.1
   Compiling darling v0.24.1
    Checking rusqlite v0.32.1
    Checking ratatui v0.29.0
    Checking theywork-core v0.1.0 (/Users/gc/Documents/Programming/they-work/crates/theywork-core)
    Checking theywork-collect v0.1.0 (/Users/gc/Documents/Programming/they-work/crates/theywork-collect)
    Checking theywork-render v0.1.0 (/Users/gc/Documents/Programming/they-work/crates/theywork-render)
    Checking theywork-tui v0.1.0 (/Users/gc/Documents/Programming/they-work/crates/theywork-tui)
    Finished `dev` profile [unoptimized + debuginfo] target(s) in 11.26s
