info: profile set to minimal
info: default host tuple is aarch64-apple-darwin
info: syncing channel updates for 1.90.0-aarch64-apple-darwin
info: latest update on 2025-09-18 for version 1.90.0 (1159e78c4 2025-09-14)
info: downloading 5 components
info: default toolchain set to 1.90.0-aarch64-apple-darwin

  1.90.0-aarch64-apple-darwin installed - rustc 1.90.0 (1159e78c4 2025-09-14)


Rust is installed now. Great!

To get started you need Cargo's bin directory 
(/Users/gc/Documents/Programming/they-work/docs/design-audit/tmp/native-rust/cargo-home/bin)
in your PATH
environment variable. This has not been done automatically.

To configure your current shell, you need to source
the corresponding env file under 
/Users/gc/Documents/Programming/they-work/docs/design-audit/tmp/native-rust/cargo-home.

Consider running the right command for your shell (note the leading DOT):
. 
"/Users/gc/Documents/Programming/they-work/docs/design-audit/tmp/native-rust/cargo-home/env"
# For sh/ash/dash/pdksh/zsh
source 
"/Users/gc/Documents/Programming/they-work/docs/design-audit/tmp/native-rust/cargo-home/env.tcsh"
# For tcsh
