
Elf file type is DYN (Position-Independent Executable file)
Entry point 0xa659
There are 10 program headers, starting at offset 64

Program Headers:
  Type           Offset             VirtAddr           PhysAddr
                 FileSiz            MemSiz              Flags  Align
  LOAD           0x0000000000000000 0x0000000000000000 0x0000000000000000
                 0x0000000000004f40 0x0000000000004f40  R      0x1000
  LOAD           0x0000000000005000 0x0000000000005000 0x0000000000005000
                 0x000000000005316c 0x000000000005316c  R E    0x1000
  LOAD           0x0000000000059000 0x0000000000059000 0x0000000000059000
                 0x000000000000bef0 0x000000000000bef0  R      0x1000
  LOAD           0x0000000000065e80 0x0000000000065e80 0x0000000000065e80
                 0x0000000000009c54 0x000000000000b480  RW     0x1000
  DYNAMIC        0x000000000006e658 0x000000000006e658 0x000000000006e658
                 0x0000000000000180 0x0000000000000180  RW     0x8
  NOTE           0x0000000000000270 0x0000000000000270 0x0000000000000270
                 0x0000000000000024 0x0000000000000024  R      0x4
  TLS            0x000000000006bd48 0x000000000006bd48 0x000000000006bd48
                 0x0000000000000020 0x0000000000000050  R      0x8
  GNU_EH_FRAME   0x0000000000062b70 0x0000000000062b70 0x0000000000062b70
                 0x000000000000123c 0x000000000000123c  R      0x4
  GNU_STACK      0x0000000000000000 0x0000000000000000 0x0000000000000000
                 0x0000000000000000 0x0000000000000000  RW     0x10
  GNU_RELRO      0x0000000000065e80 0x0000000000065e80 0x0000000000065e80
                 0x0000000000009180 0x0000000000009180  R      0x1

 Section to Segment mapping:
  Segment Sections...
   00     .note.gnu.build-id .gnu.hash .dynsym .dynstr .rela.dyn 
   01     .init .plt .plt.got .text .fini 
   02     .rodata .eh_frame_hdr .gcc_except_table 
   03     .eh_frame .tdata .init_array .fini_array .data.rel.ro .dynamic .got .data .bss 
   04     .dynamic 
   05     .note.gnu.build-id 
   06     .tdata .tbss 
   07     .eh_frame_hdr 
   08     
   09     .eh_frame .tdata .init_array .fini_array .data.rel.ro .dynamic .got 
static preview probe
